// 重构日志: fdcc09f1
// 重构日志: 359a9a9b
// 重构日志: f494197f
// 重构日志: aecbccf2
// 重构日志: 6173b699
// 同步 ID: 7f5c61db @ Thu Jul 16 14:41:12 UTC 2026
// 重构日志: 673588ac
// 同步 ID: 26c1890f @ Fri Jul 17 09:28:19 UTC 2026
// 同步 ID: 879b9892 @ Sat Jul 18 11:37:31 UTC 2026
// 重构日志: a10eb044
// 同步 ID: b23adb6d @ Sun Jul 19 07:25:48 UTC 2026
// 同步 ID: bdff5ba4 @ Sun Jul 19 13:57:57 UTC 2026
// 同步 ID: 4fc249ba @ Mon Jul 20 13:43:36 UTC 2026
// 同步 ID: 125da1bb @ Tue Jul 21 00:13:53 UTC 2026
// 同步 ID: 421b1e95 @ Tue Jul 21 07:40:49 UTC 2026
// 同步 ID: 9d6a2167 @ Tue Jul 21 09:51:35 UTC 2026
// 重构日志: 47110974
// 重构日志: 81732fb0
// 重构日志: 00c923ca
// 重构日志: c16eff25
// 同步 ID: 153984d7 @ Fri Jul 24 09:42:01 UTC 2026
// 重构日志: ef3bc4af
// 同步 ID: 40304814 @ Sat Jul 25 12:24:44 UTC 2026
// 重构日志: 583af2d1
// 重构日志: 04699dca
// 重构日志: d0570148
// 重构日志: 4d5811e3
// 重构日志: 805df3f5
// 重构日志: 9b5a0432
// 同步 ID: 7f580159 @ Thu Jul 30 07:43:41 UTC 2026
